Archive member included because of file (symbol)

C:/Portable/WinAVR-20090313/lib/gcc/avr/4.3.2/avr5\libgcc.a(_mulsi3.o)
                              obj/ff.o (__mulsi3)
C:/Portable/WinAVR-20090313/lib/gcc/avr/4.3.2/avr5\libgcc.a(_udivmodsi4.o)
                              obj/ff.o (__udivmodsi4)
C:/Portable/WinAVR-20090313/lib/gcc/avr/4.3.2/avr5\libgcc.a(_exit.o)
                              C:/Portable/WinAVR-20090313/lib/gcc/avr/4.3.2/../../../../avr/lib/avr5/crtusb646.o (exit)
C:/Portable/WinAVR-20090313/lib/gcc/avr/4.3.2/avr5\libgcc.a(_copy_data.o)
                              obj/ff.o (__do_copy_data)
C:/Portable/WinAVR-20090313/lib/gcc/avr/4.3.2/avr5\libgcc.a(_clear_bss.o)
                              obj/ff.o (__do_clear_bss)

Discarded input sections

 .data          0x00000000        0x0 C:/Portable/WinAVR-20090313/lib/gcc/avr/4.3.2/../../../../avr/lib/avr5/crtusb646.o
 .bss           0x00000000        0x0 C:/Portable/WinAVR-20090313/lib/gcc/avr/4.3.2/../../../../avr/lib/avr5/crtusb646.o
 .text          0x00000000        0x0 obj/main.o
 .data          0x00000000        0x0 obj/main.o
 .bss           0x00000000        0x0 obj/main.o
 .text.read_adc
                0x00000000        0x0 obj/main.o
 .text.clearArray
                0x00000000        0x0 obj/main.o
 .text.initialize
                0x00000000        0x0 obj/main.o
 .text.GetByteUART
                0x00000000        0x0 obj/main.o
 .text.initializeUART
                0x00000000        0x0 obj/main.o
 .text.sendByteUART
                0x00000000        0x0 obj/main.o
 .text.sendStringUART
                0x00000000        0x0 obj/main.o
 .text.initializeTIMER0
                0x00000000        0x0 obj/main.o
 .text.checkTIMER0
                0x00000000        0x0 obj/main.o
 .text.setTIMER0
                0x00000000        0x0 obj/main.o
 .text.initializeFAT
                0x00000000        0x0 obj/main.o
 .text          0x00000000        0x0 obj/ff.o
 .data          0x00000000        0x0 obj/ff.o
 .bss           0x00000000        0x0 obj/ff.o
 .text.clust2sect
                0x00000000        0x0 obj/ff.o
 .text.get_fileinfo
                0x00000000        0x0 obj/ff.o
 .text.f_mount  0x00000000        0x0 obj/ff.o
 .text.f_chdrive
                0x00000000        0x0 obj/ff.o
 .text.f_mkfs   0x00000000        0x0 obj/ff.o
 .text.validate
                0x00000000        0x0 obj/ff.o
 .text.chk_mounted
                0x00000000        0x0 obj/ff.o
 .text.move_window
                0x00000000        0x0 obj/ff.o
 .text.sync     0x00000000        0x0 obj/ff.o
 .text.f_sync   0x00000000        0x0 obj/ff.o
 .text.f_close  0x00000000        0x0 obj/ff.o
 .text.put_fat  0x00000000        0x0 obj/ff.o
 .text.get_fat  0x00000000        0x0 obj/ff.o
 .text.dir_sdi  0x00000000        0x0 obj/ff.o
 .text.create_chain
                0x00000000        0x0 obj/ff.o
 .text.remove_chain
                0x00000000        0x0 obj/ff.o
 .text.f_truncate
                0x00000000        0x0 obj/ff.o
 .text.f_lseek  0x00000000        0x0 obj/ff.o
 .text.dir_remove
                0x00000000        0x0 obj/ff.o
 .text.dir_next
                0x00000000        0x0 obj/ff.o
 .text.follow_path
                0x00000000        0x0 obj/ff.o
 .text.f_utime  0x00000000        0x0 obj/ff.o
 .text.f_chmod  0x00000000        0x0 obj/ff.o
 .text.f_stat   0x00000000        0x0 obj/ff.o
 .text.f_opendir
                0x00000000        0x0 obj/ff.o
 .text.f_chdir  0x00000000        0x0 obj/ff.o
 .text.dir_register
                0x00000000        0x0 obj/ff.o
 .text.f_rename
                0x00000000        0x0 obj/ff.o
 .text.dir_read
                0x00000000        0x0 obj/ff.o
 .text.f_readdir
                0x00000000        0x0 obj/ff.o
 .text.f_unlink
                0x00000000        0x0 obj/ff.o
 .text.f_write  0x00000000        0x0 obj/ff.o
 .text.f_mkdir  0x00000000        0x0 obj/ff.o
 .text.f_open   0x00000000        0x0 obj/ff.o
 .text.f_getfree
                0x00000000        0x0 obj/ff.o
 .text.f_read   0x00000000        0x0 obj/ff.o
 .text          0x00000000        0x0 obj/diskio.o
 .data          0x00000000        0x0 obj/diskio.o
 .bss           0x00000000        0x0 obj/diskio.o
 .text.select   0x00000000        0x0 obj/diskio.o
 .text.rcvr_datablock
                0x00000000        0x0 obj/diskio.o
 .text.xmit_datablock
                0x00000000        0x0 obj/diskio.o
 .text.send_cmd
                0x00000000        0x0 obj/diskio.o
 .text.disk_initialize
                0x00000000        0x0 obj/diskio.o
 .text.disk_status
                0x00000000        0x0 obj/diskio.o
 .text.disk_read
                0x00000000        0x0 obj/diskio.o
 .text.disk_write
                0x00000000        0x0 obj/diskio.o
 .text.disk_ioctl
                0x00000000        0x0 obj/diskio.o
 .text.disk_timerproc
                0x00000000        0x0 obj/diskio.o
 .text.get_fattime
                0x00000000        0x0 obj/diskio.o
 .text          0x00000000        0x0 C:/Portable/WinAVR-20090313/lib/gcc/avr/4.3.2/avr5\libgcc.a(_mulsi3.o)
 .data          0x00000000        0x0 C:/Portable/WinAVR-20090313/lib/gcc/avr/4.3.2/avr5\libgcc.a(_mulsi3.o)
 .bss           0x00000000        0x0 C:/Portable/WinAVR-20090313/lib/gcc/avr/4.3.2/avr5\libgcc.a(_mulsi3.o)
 .text.libgcc   0x00000000        0x0 C:/Portable/WinAVR-20090313/lib/gcc/avr/4.3.2/avr5\libgcc.a(_mulsi3.o)
 .text          0x00000000        0x0 C:/Portable/WinAVR-20090313/lib/gcc/avr/4.3.2/avr5\libgcc.a(_udivmodsi4.o)
 .data          0x00000000        0x0 C:/Portable/WinAVR-20090313/lib/gcc/avr/4.3.2/avr5\libgcc.a(_udivmodsi4.o)
 .bss           0x00000000        0x0 C:/Portable/WinAVR-20090313/lib/gcc/avr/4.3.2/avr5\libgcc.a(_udivmodsi4.o)
 .text.libgcc   0x00000000        0x0 C:/Portable/WinAVR-20090313/lib/gcc/avr/4.3.2/avr5\libgcc.a(_udivmodsi4.o)
 .text          0x00000000        0x0 C:/Portable/WinAVR-20090313/lib/gcc/avr/4.3.2/avr5\libgcc.a(_exit.o)
 .data          0x00000000        0x0 C:/Portable/WinAVR-20090313/lib/gcc/avr/4.3.2/avr5\libgcc.a(_exit.o)
 .bss           0x00000000        0x0 C:/Portable/WinAVR-20090313/lib/gcc/avr/4.3.2/avr5\libgcc.a(_exit.o)
 .text.libgcc   0x00000000        0x0 C:/Portable/WinAVR-20090313/lib/gcc/avr/4.3.2/avr5\libgcc.a(_exit.o)
 .text          0x00000000        0x0 C:/Portable/WinAVR-20090313/lib/gcc/avr/4.3.2/avr5\libgcc.a(_copy_data.o)
 .data          0x00000000        0x0 C:/Portable/WinAVR-20090313/lib/gcc/avr/4.3.2/avr5\libgcc.a(_copy_data.o)
 .bss           0x00000000        0x0 C:/Portable/WinAVR-20090313/lib/gcc/avr/4.3.2/avr5\libgcc.a(_copy_data.o)
 .text.libgcc   0x00000000        0x0 C:/Portable/WinAVR-20090313/lib/gcc/avr/4.3.2/avr5\libgcc.a(_copy_data.o)
 .text          0x00000000        0x0 C:/Portable/WinAVR-20090313/lib/gcc/avr/4.3.2/avr5\libgcc.a(_clear_bss.o)
 .data          0x00000000        0x0 C:/Portable/WinAVR-20090313/lib/gcc/avr/4.3.2/avr5\libgcc.a(_clear_bss.o)
 .bss           0x00000000        0x0 C:/Portable/WinAVR-20090313/lib/gcc/avr/4.3.2/avr5\libgcc.a(_clear_bss.o)
 .text.libgcc   0x00000000        0x0 C:/Portable/WinAVR-20090313/lib/gcc/avr/4.3.2/avr5\libgcc.a(_clear_bss.o)

Memory Configuration

Name             Origin             Length             Attributes
text             0x00000000         0x00020000         xr
data             0x00800060         0x0000ffa0         rw !x
eeprom           0x00810000         0x00010000         rw !x
fuse             0x00820000         0x00000400         rw !x
lock             0x00830000         0x00000400         rw !x
signature        0x00840000         0x00000400         rw !x
*default*        0x00000000         0xffffffff

Linker script and memory map

Address of section .data set to 0x800100
LOAD C:/Portable/WinAVR-20090313/lib/gcc/avr/4.3.2/../../../../avr/lib/avr5/crtusb646.o
LOAD obj/main.o
LOAD obj/ff.o
LOAD obj/diskio.o
LOAD C:/Portable/WinAVR-20090313/lib/gcc/avr/4.3.2/../../../../avr/lib/avr5\libm.a
LOAD C:/Portable/WinAVR-20090313/lib/gcc/avr/4.3.2/avr5\libgcc.a
LOAD C:/Portable/WinAVR-20090313/lib/gcc/avr/4.3.2/../../../../avr/lib/avr5\libc.a
LOAD C:/Portable/WinAVR-20090313/lib/gcc/avr/4.3.2/avr5\libgcc.a

.hash
 *(.hash)

.dynsym
 *(.dynsym)

.dynstr
 *(.dynstr)

.gnu.version
 *(.gnu.version)

.gnu.version_d
 *(.gnu.version_d)

.gnu.version_r
 *(.gnu.version_r)

.rel.init
 *(.rel.init)

.rela.init
 *(.rela.init)

.rel.text
 *(.rel.text)
 *(.rel.text.*)
 *(.rel.gnu.linkonce.t*)

.rela.text
 *(.rela.text)
 *(.rela.text.*)
 *(.rela.gnu.linkonce.t*)

.rel.fini
 *(.rel.fini)

.rela.fini
 *(.rela.fini)

.rel.rodata
 *(.rel.rodata)
 *(.rel.rodata.*)
 *(.rel.gnu.linkonce.r*)

.rela.rodata
 *(.rela.rodata)
 *(.rela.rodata.*)
 *(.rela.gnu.linkonce.r*)

.rel.data
 *(.rel.data)
 *(.rel.data.*)
 *(.rel.gnu.linkonce.d*)

.rela.data
 *(.rela.data)
 *(.rela.data.*)
 *(.rela.gnu.linkonce.d*)

.rel.ctors
 *(.rel.ctors)

.rela.ctors
 *(.rela.ctors)

.rel.dtors
 *(.rel.dtors)

.rela.dtors
 *(.rela.dtors)

.rel.got
 *(.rel.got)

.rela.got
 *(.rela.got)

.rel.bss
 *(.rel.bss)

.rela.bss
 *(.rela.bss)

.rel.plt
 *(.rel.plt)

.rela.plt
 *(.rela.plt)

.text           0x00000000      0x144
 *(.vectors)
 .vectors       0x00000000       0x98 C:/Portable/WinAVR-20090313/lib/gcc/avr/4.3.2/../../../../avr/lib/avr5/crtusb646.o
                0x00000000                __vectors
                0x00000000                __vector_default
 *(.vectors)
 *(.progmem.gcc*)
 *(.progmem*)
                0x00000098                . = ALIGN (0x2)
                0x00000098                __trampolines_start = .
 *(.trampolines)
 .trampolines   0x00000098        0x0 linker stubs
 *(.trampolines*)
                0x00000098                __trampolines_end = .
 *(.jumptables)
 *(.jumptables*)
 *(.lowtext)
 *(.lowtext*)
                0x00000098                __ctors_start = .
 *(.ctors)
                0x00000098                __ctors_end = .
                0x00000098                __dtors_start = .
 *(.dtors)
                0x00000098                __dtors_end = .
 SORT(*)(.ctors)
 SORT(*)(.dtors)
 *(.init0)
 .init0         0x00000098        0x0 C:/Portable/WinAVR-20090313/lib/gcc/avr/4.3.2/../../../../avr/lib/avr5/crtusb646.o
                0x00000098                __init
 *(.init0)
 *(.init1)
 *(.init1)
 *(.init2)
 .init2         0x00000098        0xc C:/Portable/WinAVR-20090313/lib/gcc/avr/4.3.2/../../../../avr/lib/avr5/crtusb646.o
 *(.init2)
 *(.init3)
 *(.init3)
 *(.init4)
 .init4         0x000000a4       0x16 C:/Portable/WinAVR-20090313/lib/gcc/avr/4.3.2/avr5\libgcc.a(_copy_data.o)
                0x000000a4                __do_copy_data
 .init4         0x000000ba       0x10 C:/Portable/WinAVR-20090313/lib/gcc/avr/4.3.2/avr5\libgcc.a(_clear_bss.o)
                0x000000ba                __do_clear_bss
 *(.init4)
 *(.init5)
 *(.init5)
 *(.init6)
 *(.init6)
 *(.init7)
 *(.init7)
 *(.init8)
 *(.init8)
 *(.init9)
 .init9         0x000000ca        0x4 C:/Portable/WinAVR-20090313/lib/gcc/avr/4.3.2/../../../../avr/lib/avr5/crtusb646.o
 *(.init9)
 *(.text)
 .text          0x000000ce        0x2 C:/Portable/WinAVR-20090313/lib/gcc/avr/4.3.2/../../../../avr/lib/avr5/crtusb646.o
                0x000000ce                __vector_22
                0x000000ce                __vector_28
                0x000000ce                __vector_1
                0x000000ce                __vector_32
                0x000000ce                __vector_34
                0x000000ce                __vector_24
                0x000000ce                __vector_12
                0x000000ce                __bad_interrupt
                0x000000ce                __vector_6
                0x000000ce                __vector_31
                0x000000ce                __vector_35
                0x000000ce                __vector_3
                0x000000ce                __vector_23
                0x000000ce                __vector_30
                0x000000ce                __vector_25
                0x000000ce                __vector_11
                0x000000ce                __vector_13
                0x000000ce                __vector_17
                0x000000ce                __vector_19
                0x000000ce                __vector_7
                0x000000ce                __vector_27
                0x000000ce                __vector_5
                0x000000ce                __vector_33
                0x000000ce                __vector_37
                0x000000ce                __vector_4
                0x000000ce                __vector_9
                0x000000ce                __vector_2
                0x000000ce                __vector_21
                0x000000ce                __vector_15
                0x000000ce                __vector_36
                0x000000ce                __vector_29
                0x000000ce                __vector_8
                0x000000ce                __vector_26
                0x000000ce                __vector_14
                0x000000ce                __vector_10
                0x000000ce                __vector_16
                0x000000ce                __vector_18
                0x000000ce                __vector_20
                0x000000d0                . = ALIGN (0x2)
 *(.text.*)
 .text.main     0x000000d0       0x70 obj/main.o
                0x000000d0                main
                0x00000140                . = ALIGN (0x2)
 *(.fini9)
 .fini9         0x00000140        0x0 C:/Portable/WinAVR-20090313/lib/gcc/avr/4.3.2/avr5\libgcc.a(_exit.o)
                0x00000140                exit
                0x00000140                _exit
 *(.fini9)
 *(.fini8)
 *(.fini8)
 *(.fini7)
 *(.fini7)
 *(.fini6)
 *(.fini6)
 *(.fini5)
 *(.fini5)
 *(.fini4)
 *(.fini4)
 *(.fini3)
 *(.fini3)
 *(.fini2)
 *(.fini2)
 *(.fini1)
 *(.fini1)
 *(.fini0)
 .fini0         0x00000140        0x4 C:/Portable/WinAVR-20090313/lib/gcc/avr/4.3.2/avr5\libgcc.a(_exit.o)
 *(.fini0)
                0x00000144                _etext = .

.data           0x00800100        0x0 load address 0x00000144
                0x00800100                PROVIDE (__data_start, .)
 *(.data)
 *(.data*)
 *(.rodata)
 *(.rodata*)
 *(.gnu.linkonce.d*)
                0x00800100                . = ALIGN (0x2)
                0x00800100                _edata = .
                0x00800100                PROVIDE (__data_end, .)

.bss            0x00800100        0x0
                0x00800100                PROVIDE (__bss_start, .)
 *(.bss)
 *(.bss*)
 *(COMMON)
                0x00800100                PROVIDE (__bss_end, .)
                0x00000144                __data_load_start = LOADADDR (.data)
                0x00000144                __data_load_end = (__data_load_start + SIZEOF (.data))

.noinit         0x00800100        0x0
                0x00800100                PROVIDE (__noinit_start, .)
 *(.noinit*)
                0x00800100                PROVIDE (__noinit_end, .)
                0x00800100                _end = .
                0x00800100                PROVIDE (__heap_start, .)

.eeprom         0x00810000        0x0
 *(.eeprom*)
                0x00810000                __eeprom_end = .

.fuse
 *(.fuse)
 *(.lfuse)
 *(.hfuse)
 *(.efuse)

.lock
 *(.lock*)

.signature
 *(.signature*)

.stab
 *(.stab)

.stabstr
 *(.stabstr)

.stab.excl
 *(.stab.excl)

.stab.exclstr
 *(.stab.exclstr)

.stab.index
 *(.stab.index)

.stab.indexstr
 *(.stab.indexstr)

.comment
 *(.comment)

.debug
 *(.debug)

.line
 *(.line)

.debug_srcinfo
 *(.debug_srcinfo)

.debug_sfnames
 *(.debug_sfnames)

.debug_aranges
 *(.debug_aranges)

.debug_pubnames
 *(.debug_pubnames)

.debug_info
 *(.debug_info)
 *(.gnu.linkonce.wi.*)

.debug_abbrev
 *(.debug_abbrev)

.debug_line
 *(.debug_line)

.debug_frame
 *(.debug_frame)

.debug_str
 *(.debug_str)

.debug_loc
 *(.debug_loc)

.debug_macinfo
 *(.debug_macinfo)
OUTPUT(main.elf elf32-avr)
LOAD linker stubs

Cross Reference Table

Symbol                                            File
GetByteUART                                       obj/main.o
__bad_interrupt                                   C:/Portable/WinAVR-20090313/lib/gcc/avr/4.3.2/../../../../avr/lib/avr5/crtusb646.o
__bss_end                                         C:/Portable/WinAVR-20090313/lib/gcc/avr/4.3.2/avr5\libgcc.a(_clear_bss.o)
__bss_start                                       C:/Portable/WinAVR-20090313/lib/gcc/avr/4.3.2/avr5\libgcc.a(_clear_bss.o)
__data_end                                        C:/Portable/WinAVR-20090313/lib/gcc/avr/4.3.2/avr5\libgcc.a(_copy_data.o)
__data_load_start                                 C:/Portable/WinAVR-20090313/lib/gcc/avr/4.3.2/avr5\libgcc.a(_copy_data.o)
__data_start                                      C:/Portable/WinAVR-20090313/lib/gcc/avr/4.3.2/avr5\libgcc.a(_copy_data.o)
__do_clear_bss                                    C:/Portable/WinAVR-20090313/lib/gcc/avr/4.3.2/avr5\libgcc.a(_clear_bss.o)
                                                  obj/diskio.o
                                                  obj/ff.o
__do_copy_data                                    C:/Portable/WinAVR-20090313/lib/gcc/avr/4.3.2/avr5\libgcc.a(_copy_data.o)
                                                  obj/diskio.o
                                                  obj/ff.o
__heap_end                                        C:/Portable/WinAVR-20090313/lib/gcc/avr/4.3.2/../../../../avr/lib/avr5/crtusb646.o
__init                                            C:/Portable/WinAVR-20090313/lib/gcc/avr/4.3.2/../../../../avr/lib/avr5/crtusb646.o
__mulsi3                                          C:/Portable/WinAVR-20090313/lib/gcc/avr/4.3.2/avr5\libgcc.a(_mulsi3.o)
                                                  obj/ff.o
__stack                                           C:/Portable/WinAVR-20090313/lib/gcc/avr/4.3.2/../../../../avr/lib/avr5/crtusb646.o
__udivmodsi4                                      C:/Portable/WinAVR-20090313/lib/gcc/avr/4.3.2/avr5\libgcc.a(_udivmodsi4.o)
                                                  obj/ff.o
__vector_1                                        C:/Portable/WinAVR-20090313/lib/gcc/avr/4.3.2/../../../../avr/lib/avr5/crtusb646.o
__vector_10                                       C:/Portable/WinAVR-20090313/lib/gcc/avr/4.3.2/../../../../avr/lib/avr5/crtusb646.o
__vector_11                                       C:/Portable/WinAVR-20090313/lib/gcc/avr/4.3.2/../../../../avr/lib/avr5/crtusb646.o
__vector_12                                       C:/Portable/WinAVR-20090313/lib/gcc/avr/4.3.2/../../../../avr/lib/avr5/crtusb646.o
__vector_13                                       C:/Portable/WinAVR-20090313/lib/gcc/avr/4.3.2/../../../../avr/lib/avr5/crtusb646.o
__vector_14                                       C:/Portable/WinAVR-20090313/lib/gcc/avr/4.3.2/../../../../avr/lib/avr5/crtusb646.o
__vector_15                                       C:/Portable/WinAVR-20090313/lib/gcc/avr/4.3.2/../../../../avr/lib/avr5/crtusb646.o
__vector_16                                       C:/Portable/WinAVR-20090313/lib/gcc/avr/4.3.2/../../../../avr/lib/avr5/crtusb646.o
__vector_17                                       C:/Portable/WinAVR-20090313/lib/gcc/avr/4.3.2/../../../../avr/lib/avr5/crtusb646.o
__vector_18                                       C:/Portable/WinAVR-20090313/lib/gcc/avr/4.3.2/../../../../avr/lib/avr5/crtusb646.o
__vector_19                                       C:/Portable/WinAVR-20090313/lib/gcc/avr/4.3.2/../../../../avr/lib/avr5/crtusb646.o
__vector_2                                        C:/Portable/WinAVR-20090313/lib/gcc/avr/4.3.2/../../../../avr/lib/avr5/crtusb646.o
__vector_20                                       C:/Portable/WinAVR-20090313/lib/gcc/avr/4.3.2/../../../../avr/lib/avr5/crtusb646.o
__vector_21                                       C:/Portable/WinAVR-20090313/lib/gcc/avr/4.3.2/../../../../avr/lib/avr5/crtusb646.o
__vector_22                                       C:/Portable/WinAVR-20090313/lib/gcc/avr/4.3.2/../../../../avr/lib/avr5/crtusb646.o
__vector_23                                       C:/Portable/WinAVR-20090313/lib/gcc/avr/4.3.2/../../../../avr/lib/avr5/crtusb646.o
__vector_24                                       C:/Portable/WinAVR-20090313/lib/gcc/avr/4.3.2/../../../../avr/lib/avr5/crtusb646.o
__vector_25                                       C:/Portable/WinAVR-20090313/lib/gcc/avr/4.3.2/../../../../avr/lib/avr5/crtusb646.o
__vector_26                                       C:/Portable/WinAVR-20090313/lib/gcc/avr/4.3.2/../../../../avr/lib/avr5/crtusb646.o
__vector_27                                       C:/Portable/WinAVR-20090313/lib/gcc/avr/4.3.2/../../../../avr/lib/avr5/crtusb646.o
__vector_28                                       C:/Portable/WinAVR-20090313/lib/gcc/avr/4.3.2/../../../../avr/lib/avr5/crtusb646.o
__vector_29                                       C:/Portable/WinAVR-20090313/lib/gcc/avr/4.3.2/../../../../avr/lib/avr5/crtusb646.o
__vector_3                                        C:/Portable/WinAVR-20090313/lib/gcc/avr/4.3.2/../../../../avr/lib/avr5/crtusb646.o
__vector_30                                       C:/Portable/WinAVR-20090313/lib/gcc/avr/4.3.2/../../../../avr/lib/avr5/crtusb646.o
__vector_31                                       C:/Portable/WinAVR-20090313/lib/gcc/avr/4.3.2/../../../../avr/lib/avr5/crtusb646.o
__vector_32                                       C:/Portable/WinAVR-20090313/lib/gcc/avr/4.3.2/../../../../avr/lib/avr5/crtusb646.o
__vector_33                                       C:/Portable/WinAVR-20090313/lib/gcc/avr/4.3.2/../../../../avr/lib/avr5/crtusb646.o
__vector_34                                       C:/Portable/WinAVR-20090313/lib/gcc/avr/4.3.2/../../../../avr/lib/avr5/crtusb646.o
__vector_35                                       C:/Portable/WinAVR-20090313/lib/gcc/avr/4.3.2/../../../../avr/lib/avr5/crtusb646.o
__vector_36                                       C:/Portable/WinAVR-20090313/lib/gcc/avr/4.3.2/../../../../avr/lib/avr5/crtusb646.o
__vector_37                                       C:/Portable/WinAVR-20090313/lib/gcc/avr/4.3.2/../../../../avr/lib/avr5/crtusb646.o
__vector_4                                        C:/Portable/WinAVR-20090313/lib/gcc/avr/4.3.2/../../../../avr/lib/avr5/crtusb646.o
__vector_5                                        C:/Portable/WinAVR-20090313/lib/gcc/avr/4.3.2/../../../../avr/lib/avr5/crtusb646.o
__vector_6                                        C:/Portable/WinAVR-20090313/lib/gcc/avr/4.3.2/../../../../avr/lib/avr5/crtusb646.o
__vector_7                                        C:/Portable/WinAVR-20090313/lib/gcc/avr/4.3.2/../../../../avr/lib/avr5/crtusb646.o
__vector_8                                        C:/Portable/WinAVR-20090313/lib/gcc/avr/4.3.2/../../../../avr/lib/avr5/crtusb646.o
__vector_9                                        C:/Portable/WinAVR-20090313/lib/gcc/avr/4.3.2/../../../../avr/lib/avr5/crtusb646.o
__vector_default                                  C:/Portable/WinAVR-20090313/lib/gcc/avr/4.3.2/../../../../avr/lib/avr5/crtusb646.o
__vectors                                         C:/Portable/WinAVR-20090313/lib/gcc/avr/4.3.2/../../../../avr/lib/avr5/crtusb646.o
_exit                                             C:/Portable/WinAVR-20090313/lib/gcc/avr/4.3.2/avr5\libgcc.a(_exit.o)
checkTIMER0                                       obj/main.o
clearArray                                        obj/main.o
clust2sect                                        obj/ff.o
disk_initialize                                   obj/diskio.o
                                                  obj/ff.o
                                                  obj/main.o
disk_ioctl                                        obj/diskio.o
                                                  obj/ff.o
disk_read                                         obj/diskio.o
                                                  obj/ff.o
disk_status                                       obj/diskio.o
                                                  obj/ff.o
disk_timerproc                                    obj/diskio.o
disk_write                                        obj/diskio.o
                                                  obj/ff.o
exit                                              C:/Portable/WinAVR-20090313/lib/gcc/avr/4.3.2/avr5\libgcc.a(_exit.o)
                                                  C:/Portable/WinAVR-20090313/lib/gcc/avr/4.3.2/../../../../avr/lib/avr5/crtusb646.o
f_chdir                                           obj/ff.o
f_chdrive                                         obj/ff.o
f_chmod                                           obj/ff.o
f_close                                           obj/ff.o
f_getfree                                         obj/ff.o
f_lseek                                           obj/ff.o
f_mkdir                                           obj/ff.o
f_mkfs                                            obj/ff.o
f_mount                                           obj/ff.o
                                                  obj/main.o
f_open                                            obj/ff.o
f_opendir                                         obj/ff.o
f_read                                            obj/ff.o
f_readdir                                         obj/ff.o
f_rename                                          obj/ff.o
f_stat                                            obj/ff.o
f_sync                                            obj/ff.o
f_truncate                                        obj/ff.o
f_unlink                                          obj/ff.o
f_utime                                           obj/ff.o
f_write                                           obj/ff.o
get_fat                                           obj/ff.o
get_fattime                                       obj/diskio.o
                                                  obj/ff.o
initialize                                        obj/main.o
initializeFAT                                     obj/main.o
initializeTIMER0                                  obj/main.o
initializeUART                                    obj/main.o
main                                              obj/main.o
                                                  C:/Portable/WinAVR-20090313/lib/gcc/avr/4.3.2/../../../../avr/lib/avr5/crtusb646.o
put_fat                                           obj/ff.o
read_adc                                          obj/main.o
sendByteUART                                      obj/main.o
sendStringUART                                    obj/main.o
setTIMER0                                         obj/main.o
